xime-wayland: Wayland input method with Rime engine
  = note: this `Result` may be an `Err` variant, which should be handled
   = note: `#[warn(unused_must_use)]` (part of `#[warn(unused)]`) on by default
help: use `let _ = ...` to ignore the resulting value
   |
94 |             let _ = self.handle_rime_commit();
   |             +++++++

warning: `xime-core` (bin "xime-core") generated 6 warnings (run `cargo fix --bin "xime-core" -p xime-core` to apply 3 suggestions)
    Finished `dev` profile [unoptimized + debuginfo] target(s) in 0.14s
     Running `target/debug/xime-core app.log`
xime-wayland: Wayland input method with Rime engine
WARNING: Logging before InitGoogleLogging() is written to STDERR
I20260511 13:08:16.971441 44852 core_module.cc:20] registering core components.
I20260511 13:08:16.971487 44852 registry.cc:14] registering component: config_builder
I20260511 13:08:16.971493 44852 registry.cc:14] registering component: config
I20260511 13:08:16.971498 44852 registry.cc:14] registering component: schema
I20260511 13:08:16.971503 44852 registry.cc:14] registering component: user_config
I20260511 13:08:16.971509 44852 dict_module.cc:25] registering components from module 'dict'.
I20260511 13:08:16.971513 44852 registry.cc:14] registering component: tabledb
I20260511 13:08:16.971522 44852 registry.cc:14] registering component: stabledb
I20260511 13:08:16.971526 44852 registry.cc:14] registering component: plain_userdb
I20260511 13:08:16.971530 44852 registry.cc:14] registering component: userdb
I20260511 13:08:16.971534 44852 registry.cc:14] registering component: corrector
I20260511 13:08:16.971541 44852 registry.cc:14] registering component: dictionary
I20260511 13:08:16.971549 44852 registry.cc:14] registering component: reverse_lookup_dictionary
I20260511 13:08:16.971555 44852 registry.cc:14] registering component: user_dictionary
I20260511 13:08:16.971560 44852 registry.cc:14] registering component: userdb_recovery_task
I20260511 13:08:16.971566 44852 gears_module.cc:42] registering components from module 'gears'.
I20260511 13:08:16.971570 44852 registry.cc:14] registering component: ascii_composer
I20260511 13:08:16.971575 44852 registry.cc:14] registering component: chord_composer
I20260511 13:08:16.971578 44852 registry.cc:14] registering component: express_editor
I20260511 13:08:16.971582 44852 registry.cc:14] registering component: fluid_editor
I20260511 13:08:16.971586 44852 registry.cc:14] registering component: fluency_editor
I20260511 13:08:16.971590 44852 registry.cc:14] registering component: key_binder
I20260511 13:08:16.971594 44852 registry.cc:14] registering component: navigator
I20260511 13:08:16.971597 44852 registry.cc:14] registering component: punctuator
I20260511 13:08:16.971601 44852 registry.cc:14] registering component: recognizer
I20260511 13:08:16.971606 44852 registry.cc:14] registering component: selector
I20260511 13:08:16.971611 44852 registry.cc:14] registering component: speller
I20260511 13:08:16.971614 44852 registry.cc:14] registering component: shape_processor
I20260511 13:08:16.971618 44852 registry.cc:14] registering component: abc_segmentor
I20260511 13:08:16.971622 44852 registry.cc:14] registering component: affix_segmentor
I20260511 13:08:16.971626 44852 registry.cc:14] registering component: ascii_segmentor
I20260511 13:08:16.971630 44852 registry.cc:14] registering component: matcher
I20260511 13:08:16.971634 44852 registry.cc:14] registering component: punct_segmentor
I20260511 13:08:16.971637 44852 registry.cc:14] registering component: fallback_segmentor
I20260511 13:08:16.971642 44852 registry.cc:14] registering component: echo_translator
I20260511 13:08:16.971645 44852 registry.cc:14] registering component: punct_translator
I20260511 13:08:16.971649 44852 registry.cc:14] registering component: table_translator
I20260511 13:08:16.971653 44852 registry.cc:14] registering component: script_translator
I20260511 13:08:16.971657 44852 registry.cc:14] registering component: r10n_translator
I20260511 13:08:16.971661 44852 registry.cc:14] registering component: reverse_lookup_translator
I20260511 13:08:16.971665 44852 registry.cc:14] registering component: schema_list_translator
I20260511 13:08:16.971669 44852 registry.cc:14] registering component: switch_translator
I20260511 13:08:16.971673 44852 registry.cc:14] registering component: history_translator
I20260511 13:08:16.971678 44852 registry.cc:14] registering component: simplifier
I20260511 13:08:16.971681 44852 registry.cc:14] registering component: uniquifier
I20260511 13:08:16.971685 44852 registry.cc:14] registering component: charset_filter
I20260511 13:08:16.971689 44852 registry.cc:14] registering component: cjk_minifier
I20260511 13:08:16.971693 44852 registry.cc:14] registering component: reverse_lookup_filter
I20260511 13:08:16.971697 44852 registry.cc:14] registering component: single_char_filter
I20260511 13:08:16.971701 44852 registry.cc:14] registering component: shape_formatter
I20260511 13:08:16.971709 44852 plugins_module.cc:40] loading plugins from "/usr/lib/x86_64-linux-gnu/rime-plugins"
I20260511 13:08:16.971752 44852 plugins_module.cc:49] loading plugin 'charcode' from "/usr/lib/x86_64-linux-gnu/rime-plugins/librime-charcode.so"
I20260511 13:08:16.972805 44852 registry.cc:14] registering component: codepoint_translator
I20260511 13:08:16.972815 44852 registry.cc:14] registering component: charset_filter
W20260511 13:08:16.972819 44852 registry.cc:16] replacing previously registered component: charset_filter
I20260511 13:08:16.972823 44852 plugins_module.cc:62] loaded plugin: charcode
I20260511 13:08:16.972831 44852 plugins_module.cc:49] loading plugin 'lua' from "/usr/lib/x86_64-linux-gnu/rime-plugins/librime-lua.so"
I20260511 13:08:16.973121 44852 modules.cc:94] registering components from module 'lua'.
I20260511 13:08:16.973848 44852 modules.cc:85] rime.lua info: rime.lua should be either in the rime user data directory or in the rime shared data directory
I20260511 13:08:16.973857 44852 registry.cc:14] registering component: lua_translator
I20260511 13:08:16.973861 44852 registry.cc:14] registering component: lua_filter
I20260511 13:08:16.973866 44852 registry.cc:14] registering component: lua_segmentor
I20260511 13:08:16.973870 44852 registry.cc:14] registering component: lua_processor
I20260511 13:08:16.973873 44852 plugins_module.cc:62] loaded plugin: lua
I20260511 13:08:16.973881 44852 plugins_module.cc:49] loading plugin 'octagram' from "/usr/lib/x86_64-linux-gnu/rime-plugins/librime-octagram.so"
I20260511 13:08:16.973958 44852 grammar_module.cc:15] registering components from module 'grammar'.
I20260511 13:08:16.973963 44852 registry.cc:14] registering component: grammar
I20260511 13:08:16.973968 44852 plugins_module.cc:62] loaded plugin: octagram
W20260511 13:08:16.973986 44852 config_data.cc:65] nonexistent config file '"/home/ibuddy/.config/xime/rime/build/default.yaml"'.
I20260511 13:08:16.973999 44852 engine.cc:74] starting engine.
W20260511 13:08:16.974012 44852 config_data.cc:65] nonexistent config file '"/home/ibuddy/.config/xime/rime/user.yaml"'.
Error: Wayland error: No input method manager available
I20260511 13:08:16.974069 44852 engine.cc:93] engine disposed.
➜  xime-wayland git:(main) ✗ 


